// Jest Snapshot v1, https://goo.gl/fbAQLP

exports[`'Box' matches snapshot 1`] = `
<DocumentFragment>
  <div
    class="Box"
  >
    <div
      style="background-color: blue; width: 200px; height: 200px;"
    />
    <button>
      X
    </button>
  </div>
</DocumentFragment>
`;
