// Jest Snapshot v1, https://goo.gl/fbAQLP

exports[`'Todo' matches snapshot 1`] = `
<DocumentFragment>
  <div
    class="Todo"
  >
    test
    <button>
      X
    </button>
  </div>
</DocumentFragment>
`;
